Fri Oct  2 23:24:53 EDT 2026
Started at Fri Oct 2 23:24:55 GMT-4 2026 (polyml-5.9.2_x86_64_32-linux on grok-bot-vm-52234006)
ISABELLE_TOOL_JAVA_OPTIONS="-Djava.awt.headless=true -Xms512m -Xmx4g -Xss16m"
ISABELLE_BUILD_OPTIONS=""

ML_PLATFORM="x86_64_32-linux"
ML_HOME="/home/box/isabelle/Isabelle2025-2/contrib/polyml-5.9.2-2/x86_64_32-linux"
ML_SYSTEM="polyml-5.9.2"
ML_OPTIONS="--minheap 500"

Session Pure/Pure
Session Misc/Tools
Session HOL/HOL (main)
Session Unsorted/Ax1GenAlternativesB
Session Unsorted/PwnCheckRigid
Session Unsorted/Ax1GenAlternativesTwo
Session Unsorted/PwnCheckTwo
Session Unsorted/Th4FromConjunction
Session Unsorted/PwnCheckReqII
Session Unsorted/PwnCheckReqIIR
Session Unsorted/PwnCheckReqIIbB
Cleaned PwnCheckTwo
Cleaned PwnCheckRigid
Cleaned PwnCheckReqIIbB
Cleaned PwnCheckReqIIR
Cleaned PwnCheckReqII
Running PwnCheckRigid ...
PwnCheckRigid: theory PwnCheckRigid.PwnCheckRigid
PwnCheckRigid: theory PwnCheckRigid.PwnCheckRigidNitpick
PwnCheckRigid: theory PwnCheckRigid.PwnCheckRigid 100% (3.459s cumulated time)
PwnCheckRigid: theory PwnCheckRigid.PwnCheckRigidNitpick 100% (11.339s cumulated time)
Timing PwnCheckRigid (8 threads, 3.236s elapsed time, 5.734s cpu time, 1.254s GC time, factor 1.77)
Finished PwnCheckRigid (0:00:04 elapsed time, 0:00:06 cpu time, factor 1.47)
Running PwnCheckReqII ...
PwnCheckReqII: theory PwnCheckReqII.PwnCheckReqII
PwnCheckReqII: theory PwnCheckReqII.PwnCheckReqII 100% (1.422s cumulated time)
Timing PwnCheckReqII (8 threads, 0.820s elapsed time, 0.787s cpu time, 0.049s GC time, factor 0.96)
Finished PwnCheckReqII (0:00:02 elapsed time)
Running PwnCheckReqIIR ...
PwnCheckReqIIR: theory PwnCheckReqIIR.PwnCheckReqIIR
PwnCheckReqIIR: theory PwnCheckReqIIR.PwnCheckReqIIR 100% (0.782s cumulated time)
Timing PwnCheckReqIIR (8 threads, 0.808s elapsed time, 0.518s cpu time, 0.020s GC time, factor 0.64)
Finished PwnCheckReqIIR (0:00:01 elapsed time)
Running PwnCheckReqIIbB ...
PwnCheckReqIIbB: theory PwnCheckReqIIbB.PwnCheckReqIIbB
PwnCheckReqIIbB: theory PwnCheckReqIIbB.PwnCheckReqIIbB 100% (0.740s cumulated time)
Timing PwnCheckReqIIbB (8 threads, 0.767s elapsed time, 0.505s cpu time, 0.032s GC time, factor 0.66)
Finished PwnCheckReqIIbB (0:00:01 elapsed time)
Running PwnCheckTwo ...
PwnCheckTwo: theory PwnCheckTwo.PwnCheckTwo
PwnCheckTwo: theory PwnCheckTwo.PwnCheckTwo 100% (0.293s cumulated time)
Timing PwnCheckTwo (8 threads, 0.310s elapsed time, 0.425s cpu time, 0.000s GC time, factor 1.37)
Finished PwnCheckTwo (0:00:01 elapsed time)

Finished at Fri Oct 2 23:25:12 GMT-4 2026
0:00:16 elapsed time, 0:00:12 cpu time, factor 0.75
exit=0
Fri Oct  2 23:25:12 EDT 2026
