Started at Fri Oct 2 22:10:28 GMT-4 2026 (polyml-5.9.2_x86_64_32-linux on grok-bot-vm-52234006)
ISABELLE_TOOL_JAVA_OPTIONS="-Djava.awt.headless=true -Xms512m -Xmx4g -Xss16m"
ISABELLE_BUILD_OPTIONS=""

ML_PLATFORM="x86_64_32-linux"
ML_HOME="/home/box/isabelle/Isabelle2025-2/contrib/polyml-5.9.2-2/x86_64_32-linux"
ML_SYSTEM="polyml-5.9.2"
ML_OPTIONS="--minheap 500"

Session Pure/Pure
Session Misc/Tools
Session HOL/HOL (main)
Session AFP/Notes_On_Goedels_Ontological_Argument (AFP)
Session Local/Ax1Gen_EmptyAtHome_Check
Running Ax1Gen_EmptyAtHome_Check ...
Ax1Gen_EmptyAtHome_Check: theory Ax1Gen_EmptyAtHome_Check.Ax1Gen_EmptyAtHome
Ax1Gen_EmptyAtHome_Check: theory Ax1Gen_EmptyAtHome_Check.Ax1Gen_EmptyAtHome 100% (3.119s cumulated time)
Timing Ax1Gen_EmptyAtHome_Check (8 threads, 2.918s elapsed time, 2.653s cpu time, 0.052s GC time, factor 0.91)
Finished Ax1Gen_EmptyAtHome_Check (0:00:05 elapsed time, 0:00:03 cpu time, factor 0.78)

Finished at Fri Oct 2 22:10:44 GMT-4 2026
0:00:15 elapsed time, 0:00:03 cpu time, factor 0.26

real	0m18.469s
user	0m21.588s
sys	0m3.882s
